Component: ARM Compiler 6.14 Tool: armlink [5db06800]

==============================================================================

Section Cross References

    cond_ex.o(.ARM.exidx.text.main) refers to cond_ex.o(.text.main) for [Anonymous Symbol]
    led_mcb1700.o(.text.LED_Initialize) refers to gpio_lpc17xx.o(.text.GPIO_PortClock) for GPIO_PortClock
    led_mcb1700.o(.text.LED_Initialize) refers to led_mcb1700.o(.rodata.LED_PIN) for LED_PIN
    led_mcb1700.o(.text.LED_Initialize) refers to pin_lpc17xx.o(.text.PIN_Configure) for PIN_Configure
    led_mcb1700.o(.text.LED_Initialize) refers to gpio_lpc17xx.o(.text.GPIO_SetDir) for GPIO_SetDir
    led_mcb1700.o(.text.LED_Initialize) refers to gpio_lpc17xx.o(.text.GPIO_PinWrite) for GPIO_PinWrite
    led_mcb1700.o(.ARM.exidx.text.LED_Initialize) refers to led_mcb1700.o(.text.LED_Initialize) for [Anonymous Symbol]
    led_mcb1700.o(.text.LED_Uninitialize) refers to led_mcb1700.o(.rodata.LED_PIN) for LED_PIN
    led_mcb1700.o(.text.LED_Uninitialize) refers to pin_lpc17xx.o(.text.PIN_Configure) for PIN_Configure
    led_mcb1700.o(.ARM.exidx.text.LED_Uninitialize) refers to led_mcb1700.o(.text.LED_Uninitialize) for [Anonymous Symbol]
    led_mcb1700.o(.text.LED_On) refers to led_mcb1700.o(.rodata.LED_PIN) for LED_PIN
    led_mcb1700.o(.text.LED_On) refers to gpio_lpc17xx.o(.text.GPIO_PinWrite) for GPIO_PinWrite
    led_mcb1700.o(.ARM.exidx.text.LED_On) refers to led_mcb1700.o(.text.LED_On) for [Anonymous Symbol]
    led_mcb1700.o(.text.LED_Off) refers to led_mcb1700.o(.rodata.LED_PIN) for LED_PIN
    led_mcb1700.o(.text.LED_Off) refers to gpio_lpc17xx.o(.text.GPIO_PinWrite) for GPIO_PinWrite
    led_mcb1700.o(.ARM.exidx.text.LED_Off) refers to led_mcb1700.o(.text.LED_Off) for [Anonymous Symbol]
    led_mcb1700.o(.text.LED_SetOut) refers to led_mcb1700.o(.text.LED_On) for LED_On
    led_mcb1700.o(.text.LED_SetOut) refers to led_mcb1700.o(.text.LED_Off) for LED_Off
    led_mcb1700.o(.ARM.exidx.text.LED_SetOut) refers to led_mcb1700.o(.text.LED_SetOut) for [Anonymous Symbol]
    led_mcb1700.o(.ARM.exidx.text.LED_GetCount) refers to led_mcb1700.o(.text.LED_GetCount) for [Anonymous Symbol]
    eventrecorder.o(.ARM.exidx.text.EventRecorderTimerSetup) refers to eventrecorder.o(.text.EventRecorderTimerSetup) for [Anonymous Symbol]
    eventrecorder.o(.text.EventRecorderTimerGetFreq) refers to system_lpc17xx.o(.data.SystemCoreClock) for SystemCoreClock
    eventrecorder.o(.ARM.exidx.text.EventRecorderTimerGetFreq) refers to eventrecorder.o(.text.EventRecorderTimerGetFreq) for [Anonymous Symbol]
    eventrecorder.o(.ARM.exidx.text.EventRecorderTimerGetCount) refers to eventrecorder.o(.text.EventRecorderTimerGetCount) for [Anonymous Symbol]
    eventrecorder.o(.text.EventRecorderInitialize) refers to eventrecorder.o(.bss.noinit) for EventStatus
    eventrecorder.o(.text.EventRecorderInitialize) refers to rt_memclr_w.o(.text) for __aeabi_memclr4
    eventrecorder.o(.text.EventRecorderInitialize) refers to eventrecorder.o(.rodata.EventRecorderInfo) for EventRecorderInfo
    eventrecorder.o(.text.EventRecorderInitialize) refers to eventrecorder.o(.text.crc16_ccitt) for crc16_ccitt
    eventrecorder.o(.text.EventRecorderInitialize) refers to eventrecorder.o(.text.EventRecorderTimerSetup) for EventRecorderTimerSetup
    eventrecorder.o(.text.EventRecorderInitialize) refers to eventrecorder.o(.text.EventRecorderTimerGetFreq) for EventRecorderTimerGetFreq
    eventrecorder.o(.text.EventRecorderInitialize) refers to eventrecorder.o(.text.EventRecorderEnable) for EventRecorderEnable
    eventrecorder.o(.text.EventRecorderInitialize) refers to eventrecorder.o(.text.EventGetTS) for EventGetTS
    eventrecorder.o(.text.EventRecorderInitialize) refers to eventrecorder.o(.text.EventRecordItem) for EventRecordItem
    eventrecorder.o(.text.EventRecorderInitialize) refers to eventrecorder.o(.text.EventRecorderStart) for EventRecorderStart
    eventrecorder.o(.ARM.exidx.text.EventRecorderInitialize) refers to eventrecorder.o(.text.EventRecorderInitialize) for [Anonymous Symbol]
    eventrecorder.o(.ARM.exidx.text.crc16_ccitt) refers to eventrecorder.o(.text.crc16_ccitt) for [Anonymous Symbol]
    eventrecorder.o(.text.EventRecorderEnable) refers to eventrecorder.o(.bss.noinit) for EventFilter
    eventrecorder.o(.ARM.exidx.text.EventRecorderEnable) refers to eventrecorder.o(.text.EventRecorderEnable) for [Anonymous Symbol]
    eventrecorder.o(.text.EventGetTS) refers to eventrecorder.o(.bss.noinit) for EventStatus
    eventrecorder.o(.text.EventGetTS) refers to eventrecorder.o(.text.EventRecorderTimerGetCount) for EventRecorderTimerGetCount
    eventrecorder.o(.text.EventGetTS) refers to eventrecorder.o(.text.UpdateTS) for UpdateTS
    eventrecorder.o(.text.EventGetTS) refers to eventrecorder.o(.text.IncrementOverflowTS) for IncrementOverflowTS
    eventrecorder.o(.ARM.exidx.text.EventGetTS) refers to eventrecorder.o(.text.EventGetTS) for [Anonymous Symbol]
    eventrecorder.o(.text.EventRecordItem) refers to eventrecorder.o(.text.GetRecordIndex) for GetRecordIndex
    eventrecorder.o(.text.EventRecordItem) refers to eventrecorder.o(.bss.noinit) for EventBuffer
    eventrecorder.o(.text.EventRecordItem) refers to eventrecorder.o(.text.LockRecord) for LockRecord
    eventrecorder.o(.text.EventRecordItem) refers to eventrecorder.o(.text.UnlockRecord) for UnlockRecord
    eventrecorder.o(.text.EventRecordItem) refers to eventrecorder.o(.text.IncrementRecordsWritten) for IncrementRecordsWritten
    eventrecorder.o(.text.EventRecordItem) refers to eventrecorder.o(.text.IncrementRecordsDumped) for IncrementRecordsDumped
    eventrecorder.o(.ARM.exidx.text.EventRecordItem) refers to eventrecorder.o(.text.EventRecordItem) for [Anonymous Symbol]
    eventrecorder.o(.text.EventRecorderStart) refers to eventrecorder.o(.bss.noinit) for EventStatus
    eventrecorder.o(.text.EventRecorderStart) refers to eventrecorder.o(.text.EventGetTS) for EventGetTS
    eventrecorder.o(.text.EventRecorderStart) refers to eventrecorder.o(.text.EventRecordItem) for EventRecordItem
    eventrecorder.o(.ARM.exidx.text.EventRecorderStart) refers to eventrecorder.o(.text.EventRecorderStart) for [Anonymous Symbol]
    eventrecorder.o(.text.EventRecorderDisable) refers to eventrecorder.o(.bss.noinit) for EventFilter
    eventrecorder.o(.ARM.exidx.text.EventRecorderDisable) refers to eventrecorder.o(.text.EventRecorderDisable) for [Anonymous Symbol]
    eventrecorder.o(.text.EventRecorderStop) refers to eventrecorder.o(.bss.noinit) for EventStatus
    eventrecorder.o(.text.EventRecorderStop) refers to eventrecorder.o(.text.EventGetTS) for EventGetTS
    eventrecorder.o(.text.EventRecorderStop) refers to eventrecorder.o(.text.EventRecordItem) for EventRecordItem
    eventrecorder.o(.ARM.exidx.text.EventRecorderStop) refers to eventrecorder.o(.text.EventRecorderStop) for [Anonymous Symbol]
    eventrecorder.o(.text.EventRecorderClockUpdate) refers to eventrecorder.o(.text.EventRecorderTimerGetFreq) for EventRecorderTimerGetFreq
    eventrecorder.o(.text.EventRecorderClockUpdate) refers to eventrecorder.o(.bss.noinit) for EventStatus
    eventrecorder.o(.text.EventRecorderClockUpdate) refers to eventrecorder.o(.text.EventGetTS) for EventGetTS
    eventrecorder.o(.text.EventRecorderClockUpdate) refers to eventrecorder.o(.text.EventRecordItem) for EventRecordItem
    eventrecorder.o(.ARM.exidx.text.EventRecorderClockUpdate) refers to eventrecorder.o(.text.EventRecorderClockUpdate) for [Anonymous Symbol]
    eventrecorder.o(.text.EventRecordData) refers to eventrecorder.o(.text.EventCheckFilter) for EventCheckFilter
    eventrecorder.o(.text.EventRecordData) refers to eventrecorder.o(.text.EventGetTS) for EventGetTS
    eventrecorder.o(.text.EventRecordData) refers to eventrecorder.o(.text.EventRecordItem) for EventRecordItem
    eventrecorder.o(.text.EventRecordData) refers to rt_memcpy_v6.o(.text) for __aeabi_memcpy
    eventrecorder.o(.text.EventRecordData) refers to eventrecorder.o(.text.GetContext) for GetContext
    eventrecorder.o(.ARM.exidx.text.EventRecordData) refers to eventrecorder.o(.text.EventRecordData) for [Anonymous Symbol]
    eventrecorder.o(.text.EventCheckFilter) refers to eventrecorder.o(.bss.noinit) for EventStatus
    eventrecorder.o(.ARM.exidx.text.EventCheckFilter) refers to eventrecorder.o(.text.EventCheckFilter) for [Anonymous Symbol]
    eventrecorder.o(.text.GetContext) refers to eventrecorder.o(.bss.noinit) for EventStatus
    eventrecorder.o(.text.GetContext) refers to eventrecorder.o(.text.atomic_inc8) for atomic_inc8
    eventrecorder.o(.ARM.exidx.text.GetContext) refers to eventrecorder.o(.text.GetContext) for [Anonymous Symbol]
    eventrecorder.o(.text.EventRecord2) refers to eventrecorder.o(.text.EventCheckFilter) for EventCheckFilter
    eventrecorder.o(.text.EventRecord2) refers to eventrecorder.o(.text.EventGetTS) for EventGetTS
    eventrecorder.o(.text.EventRecord2) refers to eventrecorder.o(.text.EventRecordItem) for EventRecordItem
    eventrecorder.o(.ARM.exidx.text.EventRecord2) refers to eventrecorder.o(.text.EventRecord2) for [Anonymous Symbol]
    eventrecorder.o(.text.EventRecord4) refers to eventrecorder.o(.text.EventCheckFilter) for EventCheckFilter
    eventrecorder.o(.text.EventRecord4) refers to eventrecorder.o(.text.EventGetTS) for EventGetTS
    eventrecorder.o(.text.EventRecord4) refers to eventrecorder.o(.text.GetContext) for GetContext
    eventrecorder.o(.text.EventRecord4) refers to eventrecorder.o(.text.EventRecordItem) for EventRecordItem
    eventrecorder.o(.ARM.exidx.text.EventRecord4) refers to eventrecorder.o(.text.EventRecord4) for [Anonymous Symbol]
    eventrecorder.o(.text.UpdateTS) refers to eventrecorder.o(.bss.noinit) for EventStatus
    eventrecorder.o(.text.UpdateTS) refers to eventrecorder.o(.text.atomic_xch32) for atomic_xch32
    eventrecorder.o(.ARM.exidx.text.UpdateTS) refers to eventrecorder.o(.text.UpdateTS) for [Anonymous Symbol]
    eventrecorder.o(.text.IncrementOverflowTS) refers to eventrecorder.o(.bss.noinit) for EventStatus
    eventrecorder.o(.text.IncrementOverflowTS) refers to eventrecorder.o(.text.atomic_inc32) for atomic_inc32
    eventrecorder.o(.ARM.exidx.text.IncrementOverflowTS) refers to eventrecorder.o(.text.IncrementOverflowTS) for [Anonymous Symbol]
    eventrecorder.o(.ARM.exidx.text.atomic_xch32) refers to eventrecorder.o(.text.atomic_xch32) for [Anonymous Symbol]
    eventrecorder.o(.ARM.exidx.text.atomic_inc32) refers to eventrecorder.o(.text.atomic_inc32) for [Anonymous Symbol]
    eventrecorder.o(.text.GetRecordIndex) refers to eventrecorder.o(.bss.noinit) for EventStatus
    eventrecorder.o(.text.GetRecordIndex) refers to eventrecorder.o(.text.atomic_inc32) for atomic_inc32
    eventrecorder.o(.ARM.exidx.text.GetRecordIndex) refers to eventrecorder.o(.text.GetRecordIndex) for [Anonymous Symbol]
    eventrecorder.o(.ARM.exidx.text.LockRecord) refers to eventrecorder.o(.text.LockRecord) for [Anonymous Symbol]
    eventrecorder.o(.ARM.exidx.text.UnlockRecord) refers to eventrecorder.o(.text.UnlockRecord) for [Anonymous Symbol]
    eventrecorder.o(.text.IncrementRecordsWritten) refers to eventrecorder.o(.bss.noinit) for EventStatus
    eventrecorder.o(.text.IncrementRecordsWritten) refers to eventrecorder.o(.text.atomic_inc32) for atomic_inc32
    eventrecorder.o(.ARM.exidx.text.IncrementRecordsWritten) refers to eventrecorder.o(.text.IncrementRecordsWritten) for [Anonymous Symbol]
    eventrecorder.o(.text.IncrementRecordsDumped) refers to eventrecorder.o(.bss.noinit) for EventStatus
    eventrecorder.o(.text.IncrementRecordsDumped) refers to eventrecorder.o(.text.atomic_inc32) for atomic_inc32
    eventrecorder.o(.ARM.exidx.text.IncrementRecordsDumped) refers to eventrecorder.o(.text.IncrementRecordsDumped) for [Anonymous Symbol]
    eventrecorder.o(.ARM.exidx.text.atomic_inc8) refers to eventrecorder.o(.text.atomic_inc8) for [Anonymous Symbol]
    eventrecorder.o(.rodata.EventRecorderInfo) refers to eventrecorder.o(.bss.noinit) for [Anonymous Symbol]
    gpio_lpc17xx.o(.ARM.exidx.text.GPIO_PortClock) refers to gpio_lpc17xx.o(.text.GPIO_PortClock) for [Anonymous Symbol]
    gpio_lpc17xx.o(.ARM.exidx.text.GPIO_SetDir) refers to gpio_lpc17xx.o(.text.GPIO_SetDir) for [Anonymous Symbol]
    gpio_lpc17xx.o(.ARM.exidx.text.GPIO_PinWrite) refers to gpio_lpc17xx.o(.text.GPIO_PinWrite) for [Anonymous Symbol]
    gpio_lpc17xx.o(.ARM.exidx.text.GPIO_PinRead) refers to gpio_lpc17xx.o(.text.GPIO_PinRead) for [Anonymous Symbol]
    gpio_lpc17xx.o(.ARM.exidx.text.GPIO_PortWrite) refers to gpio_lpc17xx.o(.text.GPIO_PortWrite) for [Anonymous Symbol]
    gpio_lpc17xx.o(.ARM.exidx.text.GPIO_PortRead) refers to gpio_lpc17xx.o(.text.GPIO_PortRead) for [Anonymous Symbol]
    pin_lpc17xx.o(.ARM.exidx.text.PIN_Configure) refers to pin_lpc17xx.o(.text.PIN_Configure) for [Anonymous Symbol]
    pin_lpc17xx.o(.ARM.exidx.text.PIN_ConfigureTPIU) refers to pin_lpc17xx.o(.text.PIN_ConfigureTPIU) for [Anonymous Symbol]
    pin_lpc17xx.o(.ARM.exidx.text.PIN_ConfigureI2C0Pins) refers to pin_lpc17xx.o(.text.PIN_ConfigureI2C0Pins) for [Anonymous Symbol]
    startup_lpc17xx.o(STACK) refers (Special) to heapauxi.o(.text) for __use_two_region_memory
    startup_lpc17xx.o(HEAP) refers (Special) to heapauxi.o(.text) for __use_two_region_memory
    startup_lpc17xx.o(RESET) refers (Special) to heapauxi.o(.text) for __use_two_region_memory
    startup_lpc17xx.o(RESET) refers to startup_lpc17xx.o(STACK) for __initial_sp
    startup_lpc17xx.o(RESET) refers to startup_lpc17xx.o(.text) for Reset_Handler
    startup_lpc17xx.o(.ARM.__at_0x02FC) refers (Special) to heapauxi.o(.text) for __use_two_region_memory
    startup_lpc17xx.o(.text) refers (Special) to heapauxi.o(.text) for __use_two_region_memory
    startup_lpc17xx.o(.text) refers to system_lpc17xx.o(.text.SystemInit) for SystemInit
    startup_lpc17xx.o(.text) refers to __main.o(!!!main) for __main
    startup_lpc17xx.o(.text) refers to startup_lpc17xx.o(HEAP) for Heap_Mem
    startup_lpc17xx.o(.text) refers to startup_lpc17xx.o(STACK) for Stack_Mem
    system_lpc17xx.o(.text.SystemCoreClockUpdate) refers to lludivv7m.o(.text) for __aeabi_uldivmod
    system_lpc17xx.o(.text.SystemCoreClockUpdate) refers to system_lpc17xx.o(.data.SystemCoreClock) for SystemCoreClock
    system_lpc17xx.o(.ARM.exidx.text.SystemCoreClockUpdate) refers to system_lpc17xx.o(.text.SystemCoreClockUpdate) for [Anonymous Symbol]
    system_lpc17xx.o(.ARM.exidx.text.SystemInit) refers to system_lpc17xx.o(.text.SystemInit) for [Anonymous Symbol]
    rt_memcpy_v6.o(.text) refers to rt_memcpy_w.o(.text) for __aeabi_memcpy4
    __main.o(!!!main) refers to __rtentry.o(.ARM.Collect$$rtentry$$00000000) for __rt_entry
    __rtentry.o(.ARM.Collect$$rtentry$$00000000) refers (Special) to __rtentry2.o(.ARM.Collect$$rtentry$$0000000A) for __rt_entry_li
    __rtentry.o(.ARM.Collect$$rtentry$$00000000) refers (Special) to __rtentry2.o(.ARM.Collect$$rtentry$$0000000D) for __rt_entry_main
    __rtentry.o(.ARM.Collect$$rtentry$$00000000) refers (Special) to __rtentry2.o(.ARM.Collect$$rtentry$$0000000C) for __rt_entry_postli_1
    __rtentry.o(.ARM.Collect$$rtentry$$00000000) refers (Special) to __rtentry2.o(.ARM.Collect$$rtentry$$00000009) for __rt_entry_postsh_1
    __rtentry.o(.ARM.Collect$$rtentry$$00000000) refers (Special) to __rtentry2.o(.ARM.Collect$$rtentry$$00000002) for __rt_entry_presh_1
    __rtentry.o(.ARM.Collect$$rtentry$$00000000) refers (Special) to __rtentry4.o(.ARM.Collect$$rtentry$$00000004) for __rt_entry_sh
    aeabi_ldiv0_sigfpe.o(.text) refers to rt_div0.o(.text) for __rt_div0
    __rtentry2.o(.ARM.Collect$$rtentry$$00000008) refers to boardinit2.o(.text) for _platform_post_stackheap_init
    __rtentry2.o(.ARM.Collect$$rtentry$$0000000A) refers to libinit.o(.ARM.Collect$$libinit$$00000000) for __rt_lib_init
    __rtentry2.o(.ARM.Collect$$rtentry$$0000000B) refers to boardinit3.o(.text) for _platform_post_lib_init
    __rtentry2.o(.ARM.Collect$$rtentry$$0000000D) refers to cond_ex.o(.text.main) for main
    __rtentry2.o(.ARM.Collect$$rtentry$$0000000D) refers to exit.o(.text) for exit
    __rtentry2.o(.ARM.exidx) refers to __rtentry2.o(.ARM.Collect$$rtentry$$00000001) for .ARM.Collect$$rtentry$$00000001
    __rtentry2.o(.ARM.exidx) refers to __rtentry2.o(.ARM.Collect$$rtentry$$00000008) for .ARM.Collect$$rtentry$$00000008
    __rtentry2.o(.ARM.exidx) refers to __rtentry2.o(.ARM.Collect$$rtentry$$0000000A) for .ARM.Collect$$rtentry$$0000000A
    __rtentry2.o(.ARM.exidx) refers to __rtentry2.o(.ARM.Collect$$rtentry$$0000000B) for .ARM.Collect$$rtentry$$0000000B
    __rtentry2.o(.ARM.exidx) refers to __rtentry2.o(.ARM.Collect$$rtentry$$0000000D) for .ARM.Collect$$rtentry$$0000000D
    __rtentry4.o(.ARM.Collect$$rtentry$$00000004) refers to sys_stackheap_outer.o(.text) for __user_setup_stackheap
    __rtentry4.o(.ARM.exidx) refers to __rtentry4.o(.ARM.Collect$$rtentry$$00000004) for .ARM.Collect$$rtentry$$00000004
    rt_div0.o(.text) refers to defsig_fpe_outer.o(.text) for __rt_SIGFPE
    sys_stackheap_outer.o(.text) refers to libspace.o(.text) for __user_perproc_libspace
    sys_stackheap_outer.o(.text) refers to startup_lpc17xx.o(.text) for __user_initial_stackheap
    exit.o(.text) refers to rtexit.o(.ARM.Collect$$rtexit$$00000000) for __rt_exit
    defsig_fpe_outer.o(.text) refers to defsig_fpe_inner.o(.text) for __rt_SIGFPE_inner
    defsig_fpe_outer.o(.text) refers to defsig_exit.o(.text) for __sig_exit
    defsig_fpe_formal.o(.text) refers to rt_raise.o(.text) for __rt_raise
    libinit.o(.ARM.Collect$$libinit$$00000000) refers (Special) to libinit2.o(.ARM.Collect$$libinit$$0000002E) for __rt_lib_init_alloca_1
    libinit.o(.ARM.Collect$$libinit$$00000000) refers (Special) to libinit2.o(.ARM.Collect$$libinit$$00000027) for __rt_lib_init_argv_1
    libinit.o(.ARM.Collect$$libinit$$00000000) refers (Special) to libinit2.o(.ARM.Collect$$libinit$$0000001B) for __rt_lib_init_atexit_1
    libinit.o(.ARM.Collect$$libinit$$00000000) refers (Special) to libinit2.o(.ARM.Collect$$libinit$$00000021) for __rt_lib_init_clock_1
    libinit.o(.ARM.Collect$$libinit$$00000000) refers (Special) to libinit2.o(.ARM.Collect$$libinit$$00000032) for __rt_lib_init_cpp_1
    libinit.o(.ARM.Collect$$libinit$$00000000) refers (Special) to libinit2.o(.ARM.Collect$$libinit$$00000030) for __rt_lib_init_exceptions_1
    libinit.o(.ARM.Collect$$libinit$$00000000) refers (Special) to libinit2.o(.ARM.Collect$$libinit$$00000002) for __rt_lib_init_fp_1
    libinit.o(.ARM.Collect$$libinit$$00000000) refers (Special) to libinit2.o(.ARM.Collect$$libinit$$0000001F) for __rt_lib_init_fp_trap_1
    libinit.o(.ARM.Collect$$libinit$$00000000) refers (Special) to libinit2.o(.ARM.Collect$$libinit$$00000023) for __rt_lib_init_getenv_1
    libinit.o(.ARM.Collect$$libinit$$00000000) refers (Special) to libinit2.o(.ARM.Collect$$libinit$$0000000A) for __rt_lib_init_heap_1
    libinit.o(.ARM.Collect$$libinit$$00000000) refers (Special) to libinit2.o(.ARM.Collect$$libinit$$00000011) for __rt_lib_init_lc_collate_1
    libinit.o(.ARM.Collect$$libinit$$00000000) refers (Special) to libinit2.o(.ARM.Collect$$libinit$$00000013) for __rt_lib_init_lc_ctype_1
    libinit.o(.ARM.Collect$$libinit$$00000000) refers (Special) to libinit2.o(.ARM.Collect$$libinit$$00000015) for __rt_lib_init_lc_monetary_1
    libinit.o(.ARM.Collect$$libinit$$00000000) refers (Special) to libinit2.o(.ARM.Collect$$libinit$$00000017) for __rt_lib_init_lc_numeric_1
    libinit.o(.ARM.Collect$$libinit$$00000000) refers (Special) to libinit2.o(.ARM.Collect$$libinit$$00000019) for __rt_lib_init_lc_time_1
    libinit.o(.ARM.Collect$$libinit$$00000000) refers (Special) to libinit2.o(.ARM.Collect$$libinit$$00000004) for __rt_lib_init_preinit_1
    libinit.o(.ARM.Collect$$libinit$$00000000) refers (Special) to libinit2.o(.ARM.Collect$$libinit$$0000000E) for __rt_lib_init_rand_1
    libinit.o(.ARM.Collect$$libinit$$00000000) refers (Special) to libinit2.o(.ARM.Collect$$libinit$$00000033) for __rt_lib_init_return
    libinit.o(.ARM.Collect$$libinit$$00000000) refers (Special) to libinit2.o(.ARM.Collect$$libinit$$0000001D) for __rt_lib_init_signal_1
    libinit.o(.ARM.Collect$$libinit$$00000000) refers (Special) to libinit2.o(.ARM.Collect$$libinit$$00000025) for __rt_lib_init_stdio_1
    libinit.o(.ARM.Collect$$libinit$$00000000) refers (Special) to libinit2.o(.ARM.Collect$$libinit$$0000000C) for __rt_lib_init_user_alloc_1
    libspace.o(.text) refers to libspace.o(.bss) for __libspace_start
    rtexit.o(.ARM.Collect$$rtexit$$00000000) refers (Special) to rtexit2.o(.ARM.Collect$$rtexit$$00000004) for __rt_exit_exit
    rtexit.o(.ARM.Collect$$rtexit$$00000000) refers (Special) to rtexit2.o(.ARM.Collect$$rtexit$$00000003) for __rt_exit_ls
    rtexit.o(.ARM.Collect$$rtexit$$00000000) refers (Special) to rtexit2.o(.ARM.Collect$$rtexit$$00000002) for __rt_exit_prels_1
    rtexit.o(.ARM.exidx) refers (Special) to rtexit2.o(.ARM.Collect$$rtexit$$00000004) for __rt_exit_exit
    rtexit.o(.ARM.exidx) refers (Special) to rtexit2.o(.ARM.Collect$$rtexit$$00000003) for __rt_exit_ls
    rtexit.o(.ARM.exidx) refers (Special) to rtexit2.o(.ARM.Collect$$rtexit$$00000002) for __rt_exit_prels_1
    rtexit.o(.ARM.exidx) refers to rtexit.o(.ARM.Collect$$rtexit$$00000000) for .ARM.Collect$$rtexit$$00000000
    rt_raise.o(.text) refers to __raise.o(.text) for __raise
    rt_raise.o(.text) refers to sys_exit.o(.text) for _sys_exit
    defsig_exit.o(.text) refers to sys_exit.o(.text) for _sys_exit
    defsig_fpe_inner.o(.text) refers to defsig_general.o(.text) for __default_signal_display
    libinit2.o(.ARM.Collect$$libinit$$00000010) refers to libinit2.o(.ARM.Collect$$libinit$$0000000F) for .ARM.Collect$$libinit$$0000000F
    libinit2.o(.ARM.Collect$$libinit$$00000012) refers to libinit2.o(.ARM.Collect$$libinit$$0000000F) for .ARM.Collect$$libinit$$0000000F
    libinit2.o(.ARM.Collect$$libinit$$00000014) refers to libinit2.o(.ARM.Collect$$libinit$$0000000F) for .ARM.Collect$$libinit$$0000000F
    libinit2.o(.ARM.Collect$$libinit$$00000016) refers to libinit2.o(.ARM.Collect$$libinit$$0000000F) for .ARM.Collect$$libinit$$0000000F
    libinit2.o(.ARM.Collect$$libinit$$00000018) refers to libinit2.o(.ARM.Collect$$libinit$$0000000F) for .ARM.Collect$$libinit$$0000000F
    libinit2.o(.ARM.Collect$$libinit$$00000026) refers to argv_veneer.o(.emb_text) for __ARM_argv_veneer
    libinit2.o(.ARM.Collect$$libinit$$00000027) refers to argv_veneer.o(.emb_text) for __ARM_argv_veneer
    sys_exit.o(.text) refers (Special) to use_no_semi.o(.text) for __I$use$semihosting
    sys_exit.o(.text) refers (Special) to indicate_semi.o(.text) for __semihosting_library_function
    sys_exit_hlt.o(.text) refers (Special) to use_no_semi.o(.text) for __I$use$semihosting
    sys_exit_hlt.o(.text) refers (Special) to indicate_semi.o(.text) for __semihosting_library_function
    rtexit2.o(.ARM.Collect$$rtexit$$00000003) refers to libshutdown.o(.ARM.Collect$$libshutdown$$00000000) for __rt_lib_shutdown
    rtexit2.o(.ARM.Collect$$rtexit$$00000004) refers to sys_exit.o(.text) for _sys_exit
    rtexit2.o(.ARM.exidx) refers to rtexit2.o(.ARM.Collect$$rtexit$$00000001) for .ARM.Collect$$rtexit$$00000001
    rtexit2.o(.ARM.exidx) refers to rtexit2.o(.ARM.Collect$$rtexit$$00000003) for .ARM.Collect$$rtexit$$00000003
    rtexit2.o(.ARM.exidx) refers to rtexit2.o(.ARM.Collect$$rtexit$$00000004) for .ARM.Collect$$rtexit$$00000004
    __raise.o(.text) refers to defsig.o(CL$$defsig) for __default_signal_handler
    defsig_general.o(.text) refers to sys_wrch.o(.text) for _ttywrch
    argv_veneer.o(.emb_text) refers to _get_argv_nomalloc.o(.text) for __ARM_get_argv
    sys_wrch.o(.text) refers (Special) to use_no_semi.o(.text) for __I$use$semihosting
    sys_wrch.o(.text) refers (Special) to indicate_semi.o(.text) for __semihosting_library_function
    sys_wrch_hlt.o(.text) refers (Special) to use_no_semi.o(.text) for __I$use$semihosting
    sys_wrch_hlt.o(.text) refers (Special) to indicate_semi.o(.text) for __semihosting_library_function
    defsig.o(CL$$defsig) refers to defsig_fpe_inner.o(.text) for __rt_SIGFPE_inner
    defsig.o(CL$$defsig) refers to defsig_rtmem_inner.o(.text) for __rt_SIGRTMEM_inner
    _get_argv_nomalloc.o(.text) refers (Special) to hrguard.o(.text) for __heap_region$guard
    _get_argv_nomalloc.o(.text) refers to defsig_rtmem_outer.o(.text) for __rt_SIGRTMEM
    _get_argv_nomalloc.o(.text) refers to sys_command.o(.text) for _sys_command_string
    libshutdown.o(.ARM.Collect$$libshutdown$$00000000) refers (Special) to libshutdown2.o(.ARM.Collect$$libshutdown$$00000002) for __rt_lib_shutdown_cpp_1
    libshutdown.o(.ARM.Collect$$libshutdown$$00000000) refers (Special) to libshutdown2.o(.ARM.Collect$$libshutdown$$00000007) for __rt_lib_shutdown_fp_trap_1
    libshutdown.o(.ARM.Collect$$libshutdown$$00000000) refers (Special) to libshutdown2.o(.ARM.Collect$$libshutdown$$0000000F) for __rt_lib_shutdown_heap_1
    libshutdown.o(.ARM.Collect$$libshutdown$$00000000) refers (Special) to libshutdown2.o(.ARM.Collect$$libshutdown$$00000010) for __rt_lib_shutdown_return
    libshutdown.o(.ARM.Collect$$libshutdown$$00000000) refers (Special) to libshutdown2.o(.ARM.Collect$$libshutdown$$0000000A) for __rt_lib_shutdown_signal_1
    libshutdown.o(.ARM.Collect$$libshutdown$$00000000) refers (Special) to libshutdown2.o(.ARM.Collect$$libshutdown$$00000004) for __rt_lib_shutdown_stdio_1
    libshutdown.o(.ARM.Collect$$libshutdown$$00000000) refers (Special) to libshutdown2.o(.ARM.Collect$$libshutdown$$0000000C) for __rt_lib_shutdown_user_alloc_1
    sys_command.o(.text) refers (Special) to use_no_semi.o(.text) for __I$use$semihosting
    sys_command.o(.text) refers (Special) to indicate_semi.o(.text) for __semihosting_library_function
    sys_command_hlt.o(.text) refers (Special) to use_no_semi.o(.text) for __I$use$semihosting
    sys_command_hlt.o(.text) refers (Special) to indicate_semi.o(.text) for __semihosting_library_function
    defsig_abrt_inner.o(.text) refers to defsig_general.o(.text) for __default_signal_display
    defsig_rtred_inner.o(.text) refers to defsig_general.o(.text) for __default_signal_display
    defsig_rtmem_inner.o(.text) refers to defsig_general.o(.text) for __default_signal_display
    defsig_rtmem_outer.o(.text) refers to defsig_rtmem_inner.o(.text) for __rt_SIGRTMEM_inner
    defsig_rtmem_outer.o(.text) refers to defsig_exit.o(.text) for __sig_exit
    defsig_rtmem_formal.o(.text) refers to rt_raise.o(.text) for __rt_raise
    defsig_stak_inner.o(.text) refers to defsig_general.o(.text) for __default_signal_display
    defsig_pvfn_inner.o(.text) refers to defsig_general.o(.text) for __default_signal_display
    defsig_cppl_inner.o(.text) refers to defsig_general.o(.text) for __default_signal_display
    defsig_segv_inner.o(.text) refers to defsig_general.o(.text) for __default_signal_display
    defsig_other.o(.text) refers to defsig_general.o(.text) for __default_signal_display


==============================================================================

Removing Unused input sections from the image.

    Removing cond_ex.o(.text), (0 bytes).
    Removing cond_ex.o(.ARM.exidx.text.main), (8 bytes).
    Removing led_mcb1700.o(.text), (0 bytes).
    Removing led_mcb1700.o(.text.LED_Initialize), (132 bytes).
    Removing led_mcb1700.o(.ARM.exidx.text.LED_Initialize), (8 bytes).
    Removing led_mcb1700.o(.text.LED_Uninitialize), (66 bytes).
    Removing led_mcb1700.o(.ARM.exidx.text.LED_Uninitialize), (8 bytes).
    Removing led_mcb1700.o(.text.LED_On), (60 bytes).
    Removing led_mcb1700.o(.ARM.exidx.text.LED_On), (8 bytes).
    Removing led_mcb1700.o(.text.LED_Off), (60 bytes).
    Removing led_mcb1700.o(.ARM.exidx.text.LED_Off), (8 bytes).
    Removing led_mcb1700.o(.text.LED_SetOut), (66 bytes).
    Removing led_mcb1700.o(.ARM.exidx.text.LED_SetOut), (8 bytes).
    Removing led_mcb1700.o(.text.LED_GetCount), (4 bytes).
    Removing led_mcb1700.o(.ARM.exidx.text.LED_GetCount), (8 bytes).
    Removing led_mcb1700.o(.rodata.LED_PIN), (16 bytes).
    Removing eventrecorder.o(.text), (0 bytes).
    Removing eventrecorder.o(.text.EventRecorderTimerSetup), (36 bytes).
    Removing eventrecorder.o(.ARM.exidx.text.EventRecorderTimerSetup), (8 bytes).
    Removing eventrecorder.o(.text.EventRecorderTimerGetFreq), (12 bytes).
    Removing eventrecorder.o(.ARM.exidx.text.EventRecorderTimerGetFreq), (8 bytes).
    Removing eventrecorder.o(.text.EventRecorderTimerGetCount), (12 bytes).
    Removing eventrecorder.o(.ARM.exidx.text.EventRecorderTimerGetCount), (8 bytes).
    Removing eventrecorder.o(.text.EventRecorderInitialize), (460 bytes).
    Removing eventrecorder.o(.ARM.exidx.text.EventRecorderInitialize), (8 bytes).
    Removing eventrecorder.o(.text.crc16_ccitt), (134 bytes).
    Removing eventrecorder.o(.ARM.exidx.text.crc16_ccitt), (8 bytes).
    Removing eventrecorder.o(.text.EventRecorderEnable), (148 bytes).
    Removing eventrecorder.o(.ARM.exidx.text.EventRecorderEnable), (8 bytes).
    Removing eventrecorder.o(.text.EventGetTS), (66 bytes).
    Removing eventrecorder.o(.ARM.exidx.text.EventGetTS), (8 bytes).
    Removing eventrecorder.o(.text.EventRecordItem), (256 bytes).
    Removing eventrecorder.o(.ARM.exidx.text.EventRecordItem), (8 bytes).
    Removing eventrecorder.o(.text.EventRecorderStart), (78 bytes).
    Removing eventrecorder.o(.ARM.exidx.text.EventRecorderStart), (8 bytes).
    Removing eventrecorder.o(.text.EventRecorderDisable), (150 bytes).
    Removing eventrecorder.o(.ARM.exidx.text.EventRecorderDisable), (8 bytes).
    Removing eventrecorder.o(.text.EventRecorderStop), (76 bytes).
    Removing eventrecorder.o(.ARM.exidx.text.EventRecorderStop), (8 bytes).
    Removing eventrecorder.o(.text.EventRecorderClockUpdate), (56 bytes).
    Removing eventrecorder.o(.ARM.exidx.text.EventRecorderClockUpdate), (8 bytes).
    Removing eventrecorder.o(.text.EventRecordData), (422 bytes).
    Removing eventrecorder.o(.ARM.exidx.text.EventRecordData), (8 bytes).
    Removing eventrecorder.o(.text.EventCheckFilter), (64 bytes).
    Removing eventrecorder.o(.ARM.exidx.text.EventCheckFilter), (8 bytes).
    Removing eventrecorder.o(.text.GetContext), (18 bytes).
    Removing eventrecorder.o(.ARM.exidx.text.GetContext), (8 bytes).
    Removing eventrecorder.o(.text.EventRecord2), (92 bytes).
    Removing eventrecorder.o(.ARM.exidx.text.EventRecord2), (8 bytes).
    Removing eventrecorder.o(.text.EventRecord4), (158 bytes).
    Removing eventrecorder.o(.ARM.exidx.text.EventRecord4), (8 bytes).
    Removing eventrecorder.o(.text.UpdateTS), (26 bytes).
    Removing eventrecorder.o(.ARM.exidx.text.UpdateTS), (8 bytes).
    Removing eventrecorder.o(.text.IncrementOverflowTS), (18 bytes).
    Removing eventrecorder.o(.ARM.exidx.text.IncrementOverflowTS), (8 bytes).
    Removing eventrecorder.o(.text.atomic_xch32), (32 bytes).
    Removing eventrecorder.o(.ARM.exidx.text.atomic_xch32), (8 bytes).
    Removing eventrecorder.o(.text.atomic_inc32), (32 bytes).
    Removing eventrecorder.o(.ARM.exidx.text.atomic_inc32), (8 bytes).
    Removing eventrecorder.o(.text.GetRecordIndex), (18 bytes).
    Removing eventrecorder.o(.ARM.exidx.text.GetRecordIndex), (8 bytes).
    Removing eventrecorder.o(.text.LockRecord), (54 bytes).
    Removing eventrecorder.o(.ARM.exidx.text.LockRecord), (8 bytes).
    Removing eventrecorder.o(.text.UnlockRecord), (50 bytes).
    Removing eventrecorder.o(.ARM.exidx.text.UnlockRecord), (8 bytes).
    Removing eventrecorder.o(.text.IncrementRecordsWritten), (18 bytes).
    Removing eventrecorder.o(.ARM.exidx.text.IncrementRecordsWritten), (8 bytes).
    Removing eventrecorder.o(.text.IncrementRecordsDumped), (18 bytes).
    Removing eventrecorder.o(.ARM.exidx.text.IncrementRecordsDumped), (8 bytes).
    Removing eventrecorder.o(.text.atomic_inc8), (36 bytes).
    Removing eventrecorder.o(.ARM.exidx.text.atomic_inc8), (8 bytes).
    Removing gpio_lpc17xx.o(.text), (0 bytes).
    Removing gpio_lpc17xx.o(.text.GPIO_PortClock), (52 bytes).
    Removing gpio_lpc17xx.o(.ARM.exidx.text.GPIO_PortClock), (8 bytes).
    Removing gpio_lpc17xx.o(.text.GPIO_SetDir), (82 bytes).
    Removing gpio_lpc17xx.o(.ARM.exidx.text.GPIO_SetDir), (8 bytes).
    Removing gpio_lpc17xx.o(.text.GPIO_PinWrite), (72 bytes).
    Removing gpio_lpc17xx.o(.ARM.exidx.text.GPIO_PinWrite), (8 bytes).
    Removing gpio_lpc17xx.o(.text.GPIO_PinRead), (32 bytes).
    Removing gpio_lpc17xx.o(.ARM.exidx.text.GPIO_PinRead), (8 bytes).
    Removing gpio_lpc17xx.o(.text.GPIO_PortWrite), (46 bytes).
    Removing gpio_lpc17xx.o(.ARM.exidx.text.GPIO_PortWrite), (8 bytes).
    Removing gpio_lpc17xx.o(.text.GPIO_PortRead), (22 bytes).
    Removing gpio_lpc17xx.o(.ARM.exidx.text.GPIO_PortRead), (8 bytes).
    Removing pin_lpc17xx.o(.text), (0 bytes).
    Removing pin_lpc17xx.o(.text.PIN_Configure), (306 bytes).
    Removing pin_lpc17xx.o(.ARM.exidx.text.PIN_Configure), (8 bytes).
    Removing pin_lpc17xx.o(.text.PIN_ConfigureTPIU), (62 bytes).
    Removing pin_lpc17xx.o(.ARM.exidx.text.PIN_ConfigureTPIU), (8 bytes).
    Removing pin_lpc17xx.o(.text.PIN_ConfigureI2C0Pins), (78 bytes).
    Removing pin_lpc17xx.o(.ARM.exidx.text.PIN_ConfigureI2C0Pins), (8 bytes).
    Removing system_lpc17xx.o(.text), (0 bytes).
    Removing system_lpc17xx.o(.text.SystemCoreClockUpdate), (450 bytes).
    Removing system_lpc17xx.o(.ARM.exidx.text.SystemCoreClockUpdate), (8 bytes).
    Removing system_lpc17xx.o(.ARM.exidx.text.SystemInit), (8 bytes).
    Removing system_lpc17xx.o(.data.SystemCoreClock), (4 bytes).

96 unused section(s) (total 4510 bytes) removed from the image.

==============================================================================

Image Symbol Table

    Local Symbols

    Symbol Name                              Value     Ov Type        Size  Object(Section)

    ../clib/angel/boardlib.s                 0x00000000   Number         0  boardinit1.o ABSOLUTE
    ../clib/angel/boardlib.s                 0x00000000   Number         0  boardinit2.o ABSOLUTE
    ../clib/angel/boardlib.s                 0x00000000   Number         0  boardinit3.o ABSOLUTE
    ../clib/angel/boardlib.s                 0x00000000   Number         0  boardshut.o ABSOLUTE
    ../clib/angel/handlers.s                 0x00000000   Number         0  __scatter_zi.o ABSOLUTE
    ../clib/angel/kernel.s                   0x00000000   Number         0  __rtentry.o ABSOLUTE
    ../clib/angel/kernel.s                   0x00000000   Number         0  __rtentry2.o ABSOLUTE
    ../clib/angel/kernel.s                   0x00000000   Number         0  __rtentry4.o ABSOLUTE
    ../clib/angel/kernel.s                   0x00000000   Number         0  rtexit.o ABSOLUTE
    ../clib/angel/kernel.s                   0x00000000   Number         0  rtexit2.o ABSOLUTE
    ../clib/angel/rt.s                       0x00000000   Number         0  aeabi_ldiv0.o ABSOLUTE
    ../clib/angel/rt.s                       0x00000000   Number         0  aeabi_ldiv0_sigfpe.o ABSOLUTE
    ../clib/angel/rt.s                       0x00000000   Number         0  rt_div0.o ABSOLUTE
    ../clib/angel/rt.s                       0x00000000   Number         0  rt_raise.o ABSOLUTE
    ../clib/angel/scatter.s                  0x00000000   Number         0  __scatter.o ABSOLUTE
    ../clib/angel/startup.s                  0x00000000   Number         0  __main.o ABSOLUTE
    ../clib/angel/sys.s                      0x00000000   Number         0  sys_stackheap_outer.o ABSOLUTE
    ../clib/angel/sys.s                      0x00000000   Number         0  libspace.o ABSOLUTE
    ../clib/angel/sys.s                      0x00000000   Number         0  use_no_semi.o ABSOLUTE
    ../clib/angel/sys.s                      0x00000000   Number         0  indicate_semi.o ABSOLUTE
    ../clib/angel/sysapp.c                   0x00000000   Number         0  sys_exit.o ABSOLUTE
    ../clib/angel/sysapp.c                   0x00000000   Number         0  sys_exit_hlt.o ABSOLUTE
    ../clib/angel/sysapp.c                   0x00000000   Number         0  sys_wrch.o ABSOLUTE
    ../clib/angel/sysapp.c                   0x00000000   Number         0  sys_wrch_hlt.o ABSOLUTE
    ../clib/angel/sysapp.c                   0x00000000   Number         0  sys_command.o ABSOLUTE
    ../clib/angel/sysapp.c                   0x00000000   Number         0  sys_command_hlt.o ABSOLUTE
    ../clib/armsys.c                         0x00000000   Number         0  argv_veneer.o ABSOLUTE
    ../clib/armsys.c                         0x00000000   Number         0  argv_veneer.o ABSOLUTE
    ../clib/armsys.c                         0x00000000   Number         0  _get_argv_nomalloc.o ABSOLUTE
    ../clib/armsys.c                         0x00000000   Number         0  no_argv.o ABSOLUTE
    ../clib/heapalloc.c                      0x00000000   Number         0  hrguard.o ABSOLUTE
    ../clib/heapaux.c                        0x00000000   Number         0  heapauxi.o ABSOLUTE
    ../clib/libinit.s                        0x00000000   Number         0  libinit.o ABSOLUTE
    ../clib/libinit.s                        0x00000000   Number         0  libinit2.o ABSOLUTE
    ../clib/libinit.s                        0x00000000   Number         0  libshutdown.o ABSOLUTE
    ../clib/libinit.s                        0x00000000   Number         0  libshutdown2.o ABSOLUTE
    ../clib/longlong.s                       0x00000000   Number         0  lludivv7m.o ABSOLUTE
    ../clib/memcpset.s                       0x00000000   Number         0  rt_memcpy_v6.o ABSOLUTE
    ../clib/memcpset.s                       0x00000000   Number         0  rt_memclr_w.o ABSOLUTE
    ../clib/memcpset.s                       0x00000000   Number         0  rt_memcpy_w.o ABSOLUTE
    ../clib/signal.c                         0x00000000   Number         0  defsig_fpe_outer.o ABSOLUTE
    ../clib/signal.c                         0x00000000   Number         0  defsig_fpe_formal.o ABSOLUTE
    ../clib/signal.c                         0x00000000   Number         0  defsig_exit.o ABSOLUTE
    ../clib/signal.c                         0x00000000   Number         0  defsig_fpe_inner.o ABSOLUTE
    ../clib/signal.c                         0x00000000   Number         0  __raise.o ABSOLUTE
    ../clib/signal.c                         0x00000000   Number         0  defsig_general.o ABSOLUTE
    ../clib/signal.c                         0x00000000   Number         0  defsig_abrt_inner.o ABSOLUTE
    ../clib/signal.c                         0x00000000   Number         0  defsig_rtred_inner.o ABSOLUTE
    ../clib/signal.c                         0x00000000   Number         0  defsig_rtmem_inner.o ABSOLUTE
    ../clib/signal.c                         0x00000000   Number         0  defsig_rtmem_outer.o ABSOLUTE
    ../clib/signal.c                         0x00000000   Number         0  defsig_rtmem_formal.o ABSOLUTE
    ../clib/signal.c                         0x00000000   Number         0  defsig_stak_inner.o ABSOLUTE
    ../clib/signal.c                         0x00000000   Number         0  defsig_pvfn_inner.o ABSOLUTE
    ../clib/signal.c                         0x00000000   Number         0  defsig_cppl_inner.o ABSOLUTE
    ../clib/signal.c                         0x00000000   Number         0  defsig_segv_inner.o ABSOLUTE
    ../clib/signal.c                         0x00000000   Number         0  defsig_other.o ABSOLUTE
    ../clib/signal.s                         0x00000000   Number         0  defsig.o ABSOLUTE
    ../clib/stdlib.c                         0x00000000   Number         0  exit.o ABSOLUTE
    ../fplib/fpinit.s                        0x00000000   Number         0  fpinit.o ABSOLUTE
    ../fplib/fpinit_empty.s                  0x00000000   Number         0  fpinit_empty.o ABSOLUTE
    EventRecorder.c                          0x00000000   Number         0  eventrecorder.o ABSOLUTE
    GPIO_LPC17xx.c                           0x00000000   Number         0  gpio_lpc17xx.o ABSOLUTE
    LED_MCB1700.c                            0x00000000   Number         0  led_mcb1700.o ABSOLUTE
    PIN_LPC17xx.c                            0x00000000   Number         0  pin_lpc17xx.o ABSOLUTE
    RTE/Device/LPC1768/startup_LPC17xx.s     0x00000000   Number         0  startup_lpc17xx.o ABSOLUTE
    cond_ex.c                                0x00000000   Number         0  cond_ex.o ABSOLUTE
    dc.s                                     0x00000000   Number         0  dc.o ABSOLUTE
    system_LPC17xx.c                         0x00000000   Number         0  system_lpc17xx.o ABSOLUTE
    RESET                                    0x00000000   Section      204  startup_lpc17xx.o(RESET)
    !!!main                                  0x000000cc   Section        8  __main.o(!!!main)
    !!!scatter                               0x000000d4   Section       52  __scatter.o(!!!scatter)
    !!handler_zi                             0x00000108   Section       28  __scatter_zi.o(!!handler_zi)
    .ARM.Collect$$libinit$$00000000          0x00000124   Section        2  libinit.o(.ARM.Collect$$libinit$$00000000)
    .ARM.Collect$$libinit$$00000002          0x00000126   Section        0  libinit2.o(.ARM.Collect$$libinit$$00000002)
    .ARM.Collect$$libinit$$00000004          0x00000126   Section        0  libinit2.o(.ARM.Collect$$libinit$$00000004)
    .ARM.Collect$$libinit$$0000000A          0x00000126   Section        0  libinit2.o(.ARM.Collect$$libinit$$0000000A)
    .ARM.Collect$$libinit$$0000000C          0x00000126   Section        0  libinit2.o(.ARM.Collect$$libinit$$0000000C)
    .ARM.Collect$$libinit$$0000000E          0x00000126   Section        0  libinit2.o(.ARM.Collect$$libinit$$0000000E)
    .ARM.Collect$$libinit$$00000011          0x00000126   Section        0  libinit2.o(.ARM.Collect$$libinit$$00000011)
    .ARM.Collect$$libinit$$00000013          0x00000126   Section        0  libinit2.o(.ARM.Collect$$libinit$$00000013)
    .ARM.Collect$$libinit$$00000015          0x00000126   Section        0  libinit2.o(.ARM.Collect$$libinit$$00000015)
    .ARM.Collect$$libinit$$00000017          0x00000126   Section        0  libinit2.o(.ARM.Collect$$libinit$$00000017)
    .ARM.Collect$$libinit$$00000019          0x00000126   Section        0  libinit2.o(.ARM.Collect$$libinit$$00000019)
    .ARM.Collect$$libinit$$0000001B          0x00000126   Section        0  libinit2.o(.ARM.Collect$$libinit$$0000001B)
    .ARM.Collect$$libinit$$0000001D          0x00000126   Section        0  libinit2.o(.ARM.Collect$$libinit$$0000001D)
    .ARM.Collect$$libinit$$0000001F          0x00000126   Section        0  libinit2.o(.ARM.Collect$$libinit$$0000001F)
    .ARM.Collect$$libinit$$00000021          0x00000126   Section        0  libinit2.o(.ARM.Collect$$libinit$$00000021)
    .ARM.Collect$$libinit$$00000023          0x00000126   Section        0  libinit2.o(.ARM.Collect$$libinit$$00000023)
    .ARM.Collect$$libinit$$00000025          0x00000126   Section        0  libinit2.o(.ARM.Collect$$libinit$$00000025)
    .ARM.Collect$$libinit$$00000027          0x00000126   Section        8  libinit2.o(.ARM.Collect$$libinit$$00000027)
    .ARM.Collect$$libinit$$0000002E          0x0000012e   Section        0  libinit2.o(.ARM.Collect$$libinit$$0000002E)
    .ARM.Collect$$libinit$$00000030          0x0000012e   Section        0  libinit2.o(.ARM.Collect$$libinit$$00000030)
    .ARM.Collect$$libinit$$00000032          0x0000012e   Section        0  libinit2.o(.ARM.Collect$$libinit$$00000032)
    .ARM.Collect$$libinit$$00000033          0x0000012e   Section        2  libinit2.o(.ARM.Collect$$libinit$$00000033)
    .ARM.Collect$$libshutdown$$00000000      0x00000130   Section        2  libshutdown.o(.ARM.Collect$$libshutdown$$00000000)
    .ARM.Collect$$libshutdown$$00000002      0x00000132   Section        0  libshutdown2.o(.ARM.Collect$$libshutdown$$00000002)
    .ARM.Collect$$libshutdown$$00000004      0x00000132   Section        0  libshutdown2.o(.ARM.Collect$$libshutdown$$00000004)
    .ARM.Collect$$libshutdown$$00000007      0x00000132   Section        0  libshutdown2.o(.ARM.Collect$$libshutdown$$00000007)
    .ARM.Collect$$libshutdown$$0000000A      0x00000132   Section        0  libshutdown2.o(.ARM.Collect$$libshutdown$$0000000A)
    .ARM.Collect$$libshutdown$$0000000C      0x00000132   Section        0  libshutdown2.o(.ARM.Collect$$libshutdown$$0000000C)
    .ARM.Collect$$libshutdown$$0000000F      0x00000132   Section        0  libshutdown2.o(.ARM.Collect$$libshutdown$$0000000F)
    .ARM.Collect$$libshutdown$$00000010      0x00000132   Section        2  libshutdown2.o(.ARM.Collect$$libshutdown$$00000010)
    .ARM.Collect$$rtentry$$00000000          0x00000134   Section        0  __rtentry.o(.ARM.Collect$$rtentry$$00000000)
    .ARM.Collect$$rtentry$$00000002          0x00000134   Section        0  __rtentry2.o(.ARM.Collect$$rtentry$$00000002)
    .ARM.Collect$$rtentry$$00000004          0x00000134   Section        6  __rtentry4.o(.ARM.Collect$$rtentry$$00000004)
    .ARM.Collect$$rtentry$$00000009          0x0000013a   Section        0  __rtentry2.o(.ARM.Collect$$rtentry$$00000009)
    .ARM.Collect$$rtentry$$0000000A          0x0000013a   Section        4  __rtentry2.o(.ARM.Collect$$rtentry$$0000000A)
    .ARM.Collect$$rtentry$$0000000C          0x0000013e   Section        0  __rtentry2.o(.ARM.Collect$$rtentry$$0000000C)
    .ARM.Collect$$rtentry$$0000000D          0x0000013e   Section        8  __rtentry2.o(.ARM.Collect$$rtentry$$0000000D)
    .ARM.Collect$$rtexit$$00000000           0x00000146   Section        2  rtexit.o(.ARM.Collect$$rtexit$$00000000)
    .ARM.Collect$$rtexit$$00000002           0x00000148   Section        0  rtexit2.o(.ARM.Collect$$rtexit$$00000002)
    .ARM.Collect$$rtexit$$00000003           0x00000148   Section        4  rtexit2.o(.ARM.Collect$$rtexit$$00000003)
    .ARM.Collect$$rtexit$$00000004           0x0000014c   Section        6  rtexit2.o(.ARM.Collect$$rtexit$$00000004)
    .emb_text                                0x00000154   Section        4  argv_veneer.o(.emb_text)
    .text                                    0x00000158   Section       60  startup_lpc17xx.o(.text)
    .text                                    0x00000194   Section        0  heapauxi.o(.text)
    .text                                    0x0000019a   Section       74  sys_stackheap_outer.o(.text)
    .text                                    0x000001e4   Section        0  exit.o(.text)
    .text                                    0x000001f8   Section        8  libspace.o(.text)
    .text                                    0x00000200   Section        0  defsig_exit.o(.text)
    .text                                    0x0000020c   Section        0  sys_exit.o(.text)
    .text                                    0x00000218   Section        0  defsig_general.o(.text)
    .text                                    0x0000024a   Section        0  sys_wrch.o(.text)
    .text                                    0x00000258   Section        2  use_no_semi.o(.text)
    .text                                    0x0000025a   Section        0  indicate_semi.o(.text)
    .text                                    0x0000025a   Section        0  sys_command.o(.text)
    .text                                    0x00000272   Section        0  hrguard.o(.text)
    .text                                    0x00000278   Section        0  defsig_rtmem_inner.o(.text)
    .text                                    0x000002c8   Section        0  defsig_rtmem_outer.o(.text)
    __tagsym$$used.0                         0x000002d8   Number         0  eventrecorder.o(.rodata.EventRecorderInfo)
    .ARM.__at_0x02FC                         0x000002fc   Section        4  startup_lpc17xx.o(.ARM.__at_0x02FC)
    .text                                    0x00000300   Section        0  _get_argv_nomalloc.o(.text)
    [Anonymous Symbol]                       0x00000430   Section        0  system_lpc17xx.o(.text.SystemInit)
    [Anonymous Symbol]                       0x000005b8   Section        0  cond_ex.o(.text.main)
    EventBuffer                              0x10000000   Data        1024  eventrecorder.o(.bss.noinit)
    [Anonymous Symbol]                       0x10000000   Section        0  eventrecorder.o(.bss.noinit)
    EventFilter                              0x10000400   Data         128  eventrecorder.o(.bss.noinit)
    EventStatus                              0x10000480   Data          36  eventrecorder.o(.bss.noinit)
    .bss                                     0x2007c000   Section       96  libspace.o(.bss)
    Heap_Mem                                 0x2007c060   Data           0  startup_lpc17xx.o(HEAP)
    Stack_Mem                                0x2007c060   Data         512  startup_lpc17xx.o(STACK)
    HEAP                                     0x2007c060   Section        0  startup_lpc17xx.o(HEAP)
    STACK                                    0x2007c060   Section      512  startup_lpc17xx.o(STACK)
    __initial_sp                             0x2007c260   Data           0  startup_lpc17xx.o(STACK)

    Global Symbols

    Symbol Name                              Value     Ov Type        Size  Object(Section)

    BuildAttributes$$THM_ISAv4$P$D$K$B$S$PE$A:L22UL41UL21$X:L11$S22US41US21$IEEE1$IW$~IW$USESV6$~STKCKD$USESV7$~SHL$OSPACE$ROPI$EBA8$UX$STANDARDLIB$REQ8$PRES8$EABIv2 0x00000000   Number         0  anon$$obj.o ABSOLUTE
    __Vectors                                0x00000000   Data           4  startup_lpc17xx.o(RESET)
    __fp_init_empty                          0x00000000   Number         0  fpinit_empty.o ABSOLUTE
    __ARM_exceptions_init                     - Undefined Weak Reference
    __alloca_initialize                       - Undefined Weak Reference
    __arm_preinit_                            - Undefined Weak Reference
    __cpp_initialize__aeabi_                  - Undefined Weak Reference
    __cxa_finalize                            - Undefined Weak Reference
    __rt_locale                               - Undefined Weak Reference
    __sigvec_lookup                           - Undefined Weak Reference
    _atexit_init                              - Undefined Weak Reference
    _call_atexit_fns                          - Undefined Weak Reference
    _clock_init                               - Undefined Weak Reference
    _fp_trap_init                             - Undefined Weak Reference
    _fp_trap_shutdown                         - Undefined Weak Reference
    _get_lc_collate                           - Undefined Weak Reference
    _get_lc_ctype                             - Undefined Weak Reference
    _get_lc_monetary                          - Undefined Weak Reference
    _get_lc_numeric                           - Undefined Weak Reference
    _get_lc_time                              - Undefined Weak Reference
    _getenv_init                              - Undefined Weak Reference
    _handle_redirection                       - Undefined Weak Reference
    _init_alloc                               - Undefined Weak Reference
    _init_user_alloc                          - Undefined Weak Reference
    _initio                                   - Undefined Weak Reference
    _rand_init                                - Undefined Weak Reference
    _signal_finish                            - Undefined Weak Reference
    _signal_init                              - Undefined Weak Reference
    _terminate_alloc                          - Undefined Weak Reference
    _terminate_user_alloc                     - Undefined Weak Reference
    _terminateio                              - Undefined Weak Reference
    __main                                   0x000000cd   Thumb Code     8  __main.o(!!!main)
    __scatterload                            0x000000d5   Thumb Code     0  __scatter.o(!!!scatter)
    __scatterload_rt2                        0x000000d5   Thumb Code    44  __scatter.o(!!!scatter)
    __scatterload_rt2_thumb_only             0x000000d5   Thumb Code     0  __scatter.o(!!!scatter)
    __scatterload_null                       0x000000e3   Thumb Code     0  __scatter.o(!!!scatter)
    __scatterload_zeroinit                   0x00000109   Thumb Code    28  __scatter_zi.o(!!handler_zi)
    __rt_lib_init                            0x00000125   Thumb Code     0  libinit.o(.ARM.Collect$$libinit$$00000000)
    __rt_lib_init_argv_1                     0x00000127   Thumb Code     0  libinit2.o(.ARM.Collect$$libinit$$00000027)
    __rt_lib_init_atexit_1                   0x00000127   Thumb Code     0  libinit2.o(.ARM.Collect$$libinit$$0000001B)
    __rt_lib_init_clock_1                    0x00000127   Thumb Code     0  libinit2.o(.ARM.Collect$$libinit$$00000021)
    __rt_lib_init_fp_1                       0x00000127   Thumb Code     0  libinit2.o(.ARM.Collect$$libinit$$00000002)
    __rt_lib_init_fp_trap_1                  0x00000127   Thumb Code     0  libinit2.o(.ARM.Collect$$libinit$$0000001F)
    __rt_lib_init_getenv_1                   0x00000127   Thumb Code     0  libinit2.o(.ARM.Collect$$libinit$$00000023)
    __rt_lib_init_heap_1                     0x00000127   Thumb Code     0  libinit2.o(.ARM.Collect$$libinit$$0000000A)
    __rt_lib_init_heapregion_libspace_used   0x00000127   Thumb Code     0  libinit2.o(.ARM.Collect$$libinit$$00000027)
    __rt_lib_init_lc_collate_1               0x00000127   Thumb Code     0  libinit2.o(.ARM.Collect$$libinit$$00000011)
    __rt_lib_init_lc_ctype_1                 0x00000127   Thumb Code     0  libinit2.o(.ARM.Collect$$libinit$$00000013)
    __rt_lib_init_lc_monetary_1              0x00000127   Thumb Code     0  libinit2.o(.ARM.Collect$$libinit$$00000015)
    __rt_lib_init_lc_numeric_1               0x00000127   Thumb Code     0  libinit2.o(.ARM.Collect$$libinit$$00000017)
    __rt_lib_init_lc_time_1                  0x00000127   Thumb Code     0  libinit2.o(.ARM.Collect$$libinit$$00000019)
    __rt_lib_init_preinit_1                  0x00000127   Thumb Code     0  libinit2.o(.ARM.Collect$$libinit$$00000004)
    __rt_lib_init_rand_1                     0x00000127   Thumb Code     0  libinit2.o(.ARM.Collect$$libinit$$0000000E)
    __rt_lib_init_signal_1                   0x00000127   Thumb Code     0  libinit2.o(.ARM.Collect$$libinit$$0000001D)
    __rt_lib_init_stdio_1                    0x00000127   Thumb Code     0  libinit2.o(.ARM.Collect$$libinit$$00000025)
    __rt_lib_init_user_alloc_1               0x00000127   Thumb Code     0  libinit2.o(.ARM.Collect$$libinit$$0000000C)
    __rt_lib_init_alloca_1                   0x0000012f   Thumb Code     0  libinit2.o(.ARM.Collect$$libinit$$0000002E)
    __rt_lib_init_cpp_1                      0x0000012f   Thumb Code     0  libinit2.o(.ARM.Collect$$libinit$$00000032)
    __rt_lib_init_exceptions_1               0x0000012f   Thumb Code     0  libinit2.o(.ARM.Collect$$libinit$$00000030)
    __rt_lib_init_return                     0x0000012f   Thumb Code     0  libinit2.o(.ARM.Collect$$libinit$$00000033)
    __rt_lib_shutdown                        0x00000131   Thumb Code     0  libshutdown.o(.ARM.Collect$$libshutdown$$00000000)
    __rt_lib_shutdown_cpp_1                  0x00000133   Thumb Code     0  libshutdown2.o(.ARM.Collect$$libshutdown$$00000002)
    __rt_lib_shutdown_fp_trap_1              0x00000133   Thumb Code     0  libshutdown2.o(.ARM.Collect$$libshutdown$$00000007)
    __rt_lib_shutdown_heap_1                 0x00000133   Thumb Code     0  libshutdown2.o(.ARM.Collect$$libshutdown$$0000000F)
    __rt_lib_shutdown_return                 0x00000133   Thumb Code     0  libshutdown2.o(.ARM.Collect$$libshutdown$$00000010)
    __rt_lib_shutdown_signal_1               0x00000133   Thumb Code     0  libshutdown2.o(.ARM.Collect$$libshutdown$$0000000A)
    __rt_lib_shutdown_stdio_1                0x00000133   Thumb Code     0  libshutdown2.o(.ARM.Collect$$libshutdown$$00000004)
    __rt_lib_shutdown_user_alloc_1           0x00000133   Thumb Code     0  libshutdown2.o(.ARM.Collect$$libshutdown$$0000000C)
    __rt_entry                               0x00000135   Thumb Code     0  __rtentry.o(.ARM.Collect$$rtentry$$00000000)
    __rt_entry_presh_1                       0x00000135   Thumb Code     0  __rtentry2.o(.ARM.Collect$$rtentry$$00000002)
    __rt_entry_sh                            0x00000135   Thumb Code     0  __rtentry4.o(.ARM.Collect$$rtentry$$00000004)
    __rt_entry_li                            0x0000013b   Thumb Code     0  __rtentry2.o(.ARM.Collect$$rtentry$$0000000A)
    __rt_entry_postsh_1                      0x0000013b   Thumb Code     0  __rtentry2.o(.ARM.Collect$$rtentry$$00000009)
    __rt_entry_main                          0x0000013f   Thumb Code     0  __rtentry2.o(.ARM.Collect$$rtentry$$0000000D)
    __rt_entry_postli_1                      0x0000013f   Thumb Code     0  __rtentry2.o(.ARM.Collect$$rtentry$$0000000C)
    __rt_exit                                0x00000147   Thumb Code     0  rtexit.o(.ARM.Collect$$rtexit$$00000000)
    __rt_exit_ls                             0x00000149   Thumb Code     0  rtexit2.o(.ARM.Collect$$rtexit$$00000003)
    __rt_exit_prels_1                        0x00000149   Thumb Code     0  rtexit2.o(.ARM.Collect$$rtexit$$00000002)
    __rt_exit_exit                           0x0000014d   Thumb Code     0  rtexit2.o(.ARM.Collect$$rtexit$$00000004)
    __ARM_argv_veneer                        0x00000155   Thumb Code     4  argv_veneer.o(.emb_text)
    Reset_Handler                            0x00000159   Thumb Code     8  startup_lpc17xx.o(.text)
    NMI_Handler                              0x00000161   Thumb Code     2  startup_lpc17xx.o(.text)
    HardFault_Handler                        0x00000163   Thumb Code     2  startup_lpc17xx.o(.text)
    MemManage_Handler                        0x00000165   Thumb Code     2  startup_lpc17xx.o(.text)
    BusFault_Handler                         0x00000167   Thumb Code     2  startup_lpc17xx.o(.text)
    UsageFault_Handler                       0x00000169   Thumb Code     2  startup_lpc17xx.o(.text)
    SVC_Handler                              0x0000016b   Thumb Code     2  startup_lpc17xx.o(.text)
    DebugMon_Handler                         0x0000016d   Thumb Code     2  startup_lpc17xx.o(.text)
    PendSV_Handler                           0x0000016f   Thumb Code     2  startup_lpc17xx.o(.text)
    SysTick_Handler                          0x00000171   Thumb Code     2  startup_lpc17xx.o(.text)
    ADC_IRQHandler                           0x00000173   Thumb Code     0  startup_lpc17xx.o(.text)
    BOD_IRQHandler                           0x00000173   Thumb Code     0  startup_lpc17xx.o(.text)
    CANActivity_IRQHandler                   0x00000173   Thumb Code     0  startup_lpc17xx.o(.text)
    CAN_IRQHandler                           0x00000173   Thumb Code     0  startup_lpc17xx.o(.text)
    DMA_IRQHandler                           0x00000173   Thumb Code     0  startup_lpc17xx.o(.text)
    EINT0_IRQHandler                         0x00000173   Thumb Code     0  startup_lpc17xx.o(.text)
    EINT1_IRQHandler                         0x00000173   Thumb Code     0  startup_lpc17xx.o(.text)
    EINT2_IRQHandler                         0x00000173   Thumb Code     0  startup_lpc17xx.o(.text)
    EINT3_IRQHandler                         0x00000173   Thumb Code     0  startup_lpc17xx.o(.text)
    ENET_IRQHandler                          0x00000173   Thumb Code     0  startup_lpc17xx.o(.text)
    I2C0_IRQHandler                          0x00000173   Thumb Code     0  startup_lpc17xx.o(.text)
    I2C1_IRQHandler                          0x00000173   Thumb Code     0  startup_lpc17xx.o(.text)
    I2C2_IRQHandler                          0x00000173   Thumb Code     0  startup_lpc17xx.o(.text)
    I2S_IRQHandler                           0x00000173   Thumb Code     0  startup_lpc17xx.o(.text)
    MCPWM_IRQHandler                         0x00000173   Thumb Code     0  startup_lpc17xx.o(.text)
    PLL0_IRQHandler                          0x00000173   Thumb Code     0  startup_lpc17xx.o(.text)
    PLL1_IRQHandler                          0x00000173   Thumb Code     0  startup_lpc17xx.o(.text)
    PWM1_IRQHandler                          0x00000173   Thumb Code     0  startup_lpc17xx.o(.text)
    QEI_IRQHandler                           0x00000173   Thumb Code     0  startup_lpc17xx.o(.text)
    RIT_IRQHandler                           0x00000173   Thumb Code     0  startup_lpc17xx.o(.text)
    RTC_IRQHandler                           0x00000173   Thumb Code     0  startup_lpc17xx.o(.text)
    SPI_IRQHandler                           0x00000173   Thumb Code     0  startup_lpc17xx.o(.text)
    SSP0_IRQHandler                          0x00000173   Thumb Code     0  startup_lpc17xx.o(.text)
    SSP1_IRQHandler                          0x00000173   Thumb Code     0  startup_lpc17xx.o(.text)
    TIMER0_IRQHandler                        0x00000173   Thumb Code     0  startup_lpc17xx.o(.text)
    TIMER1_IRQHandler                        0x00000173   Thumb Code     0  startup_lpc17xx.o(.text)
    TIMER2_IRQHandler                        0x00000173   Thumb Code     0  startup_lpc17xx.o(.text)
    TIMER3_IRQHandler                        0x00000173   Thumb Code     0  startup_lpc17xx.o(.text)
    UART0_IRQHandler                         0x00000173   Thumb Code     0  startup_lpc17xx.o(.text)
    UART1_IRQHandler                         0x00000173   Thumb Code     0  startup_lpc17xx.o(.text)
    UART2_IRQHandler                         0x00000173   Thumb Code     0  startup_lpc17xx.o(.text)
    UART3_IRQHandler                         0x00000173   Thumb Code     0  startup_lpc17xx.o(.text)
    USBActivity_IRQHandler                   0x00000173   Thumb Code     0  startup_lpc17xx.o(.text)
    USB_IRQHandler                           0x00000173   Thumb Code     0  startup_lpc17xx.o(.text)
    WDT_IRQHandler                           0x00000173   Thumb Code     0  startup_lpc17xx.o(.text)
    __user_initial_stackheap                 0x00000175   Thumb Code     0  startup_lpc17xx.o(.text)
    __use_two_region_memory                  0x00000195   Thumb Code     2  heapauxi.o(.text)
    __rt_heap_escrow$2region                 0x00000197   Thumb Code     2  heapauxi.o(.text)
    __rt_heap_expand$2region                 0x00000199   Thumb Code     2  heapauxi.o(.text)
    __user_setup_stackheap                   0x0000019b   Thumb Code    74  sys_stackheap_outer.o(.text)
    exit                                     0x000001e5   Thumb Code    18  exit.o(.text)
    __user_libspace                          0x000001f9   Thumb Code     8  libspace.o(.text)
    __user_perproc_libspace                  0x000001f9   Thumb Code     0  libspace.o(.text)
    __user_perthread_libspace                0x000001f9   Thumb Code     0  libspace.o(.text)
    __sig_exit                               0x00000201   Thumb Code    10  defsig_exit.o(.text)
    _sys_exit                                0x0000020d   Thumb Code     8  sys_exit.o(.text)
    __default_signal_display                 0x00000219   Thumb Code    50  defsig_general.o(.text)
    _ttywrch                                 0x0000024b   Thumb Code    14  sys_wrch.o(.text)
    __I$use$semihosting                      0x00000259   Thumb Code     0  use_no_semi.o(.text)
    __use_no_semihosting_swi                 0x00000259   Thumb Code     2  use_no_semi.o(.text)
    __semihosting_library_function           0x0000025b   Thumb Code     0  indicate_semi.o(.text)
    _sys_command_string                      0x0000025b   Thumb Code    24  sys_command.o(.text)
    __use_no_heap_region                     0x00000273   Thumb Code     2  hrguard.o(.text)
    __heap_region$guard                      0x00000275   Thumb Code     2  hrguard.o(.text)
    __rt_SIGRTMEM_inner                      0x00000279   Thumb Code    22  defsig_rtmem_inner.o(.text)
    __rt_SIGRTMEM                            0x000002c9   Thumb Code    14  defsig_rtmem_outer.o(.text)
    EventRecorderInfo                        0x000002d8   Data          24  eventrecorder.o(.rodata.EventRecorderInfo)
    __argv_alloc                             0x00000301   Thumb Code    34  _get_argv_nomalloc.o(.text)
    __ARM_get_argv                           0x00000323   Thumb Code   268  _get_argv_nomalloc.o(.text)
    SystemInit                               0x00000431   Thumb Code   390  system_lpc17xx.o(.text.SystemInit)
    main                                     0x000005b9   Thumb Code    58  cond_ex.o(.text.main)
    Region$$Table$$Base                      0x000005f4   Number         0  anon$$obj.o(Region$$Table)
    Region$$Table$$Limit                     0x00000614   Number         0  anon$$obj.o(Region$$Table)
    __libspace_start                         0x2007c000   Data          96  libspace.o(.bss)
    __temporary_stack_top$libspace           0x2007c060   Data           0  libspace.o(.bss)



==============================================================================

Memory Map of the image

  Image Entry point : 0x000000cd

  Load Region LR_IROM1 (Base: 0x00000000, Size: 0x00000614, Max: 0x00080000, ABSOLUTE)

    Execution Region ER_IROM1 (Exec base: 0x00000000, Load base: 0x00000000, Size: 0x00000614, Max: 0x00080000, ABSOLUTE)

    Exec Addr    Load Addr    Size         Type   Attr      Idx    E Section Name        Object

    0x00000000   0x00000000   0x000000cc   Data   RO          126    RESET               startup_lpc17xx.o
    0x000000cc   0x000000cc   0x00000008   Code   RO          158  * !!!main             c_w.l(__main.o)
    0x000000d4   0x000000d4   0x00000034   Code   RO          333    !!!scatter          c_w.l(__scatter.o)
    0x00000108   0x00000108   0x0000001c   Code   RO          335    !!handler_zi        c_w.l(__scatter_zi.o)
    0x00000124   0x00000124   0x00000002   Code   RO          197    .ARM.Collect$$libinit$$00000000  c_w.l(libinit.o)
    0x00000126   0x00000126   0x00000000   Code   RO          210    .ARM.Collect$$libinit$$00000002  c_w.l(libinit2.o)
    0x00000126   0x00000126   0x00000000   Code   RO          212    .ARM.Collect$$libinit$$00000004  c_w.l(libinit2.o)
    0x00000126   0x00000126   0x00000000   Code   RO          215    .ARM.Collect$$libinit$$0000000A  c_w.l(libinit2.o)
    0x00000126   0x00000126   0x00000000   Code   RO          217    .ARM.Collect$$libinit$$0000000C  c_w.l(libinit2.o)
    0x00000126   0x00000126   0x00000000   Code   RO          219    .ARM.Collect$$libinit$$0000000E  c_w.l(libinit2.o)
    0x00000126   0x00000126   0x00000000   Code   RO          222    .ARM.Collect$$libinit$$00000011  c_w.l(libinit2.o)
    0x00000126   0x00000126   0x00000000   Code   RO          224    .ARM.Collect$$libinit$$00000013  c_w.l(libinit2.o)
    0x00000126   0x00000126   0x00000000   Code   RO          226    .ARM.Collect$$libinit$$00000015  c_w.l(libinit2.o)
    0x00000126   0x00000126   0x00000000   Code   RO          228    .ARM.Collect$$libinit$$00000017  c_w.l(libinit2.o)
    0x00000126   0x00000126   0x00000000   Code   RO          230    .ARM.Collect$$libinit$$00000019  c_w.l(libinit2.o)
    0x00000126   0x00000126   0x00000000   Code   RO          232    .ARM.Collect$$libinit$$0000001B  c_w.l(libinit2.o)
    0x00000126   0x00000126   0x00000000   Code   RO          234    .ARM.Collect$$libinit$$0000001D  c_w.l(libinit2.o)
    0x00000126   0x00000126   0x00000000   Code   RO          236    .ARM.Collect$$libinit$$0000001F  c_w.l(libinit2.o)
    0x00000126   0x00000126   0x00000000   Code   RO          238    .ARM.Collect$$libinit$$00000021  c_w.l(libinit2.o)
    0x00000126   0x00000126   0x00000000   Code   RO          240    .ARM.Collect$$libinit$$00000023  c_w.l(libinit2.o)
    0x00000126   0x00000126   0x00000000   Code   RO          242    .ARM.Collect$$libinit$$00000025  c_w.l(libinit2.o)
    0x00000126   0x00000126   0x00000008   Code   RO          244    .ARM.Collect$$libinit$$00000027  c_w.l(libinit2.o)
    0x0000012e   0x0000012e   0x00000000   Code   RO          248    .ARM.Collect$$libinit$$0000002E  c_w.l(libinit2.o)
    0x0000012e   0x0000012e   0x00000000   Code   RO          250    .ARM.Collect$$libinit$$00000030  c_w.l(libinit2.o)
    0x0000012e   0x0000012e   0x00000000   Code   RO          252    .ARM.Collect$$libinit$$00000032  c_w.l(libinit2.o)
    0x0000012e   0x0000012e   0x00000002   Code   RO          253    .ARM.Collect$$libinit$$00000033  c_w.l(libinit2.o)
    0x00000130   0x00000130   0x00000002   Code   RO          288    .ARM.Collect$$libshutdown$$00000000  c_w.l(libshutdown.o)
    0x00000132   0x00000132   0x00000000   Code   RO          316    .ARM.Collect$$libshutdown$$00000002  c_w.l(libshutdown2.o)
    0x00000132   0x00000132   0x00000000   Code   RO          318    .ARM.Collect$$libshutdown$$00000004  c_w.l(libshutdown2.o)
    0x00000132   0x00000132   0x00000000   Code   RO          321    .ARM.Collect$$libshutdown$$00000007  c_w.l(libshutdown2.o)
    0x00000132   0x00000132   0x00000000   Code   RO          324    .ARM.Collect$$libshutdown$$0000000A  c_w.l(libshutdown2.o)
    0x00000132   0x00000132   0x00000000   Code   RO          326    .ARM.Collect$$libshutdown$$0000000C  c_w.l(libshutdown2.o)
    0x00000132   0x00000132   0x00000000   Code   RO          329    .ARM.Collect$$libshutdown$$0000000F  c_w.l(libshutdown2.o)
    0x00000132   0x00000132   0x00000002   Code   RO          330    .ARM.Collect$$libshutdown$$00000010  c_w.l(libshutdown2.o)
    0x00000134   0x00000134   0x00000000   Code   RO          160    .ARM.Collect$$rtentry$$00000000  c_w.l(__rtentry.o)
    0x00000134   0x00000134   0x00000000   Code   RO          168    .ARM.Collect$$rtentry$$00000002  c_w.l(__rtentry2.o)
    0x00000134   0x00000134   0x00000006   Code   RO          180    .ARM.Collect$$rtentry$$00000004  c_w.l(__rtentry4.o)
    0x0000013a   0x0000013a   0x00000000   Code   RO          170    .ARM.Collect$$rtentry$$00000009  c_w.l(__rtentry2.o)
    0x0000013a   0x0000013a   0x00000004   Code   RO          171    .ARM.Collect$$rtentry$$0000000A  c_w.l(__rtentry2.o)
    0x0000013e   0x0000013e   0x00000000   Code   RO          173    .ARM.Collect$$rtentry$$0000000C  c_w.l(__rtentry2.o)
    0x0000013e   0x0000013e   0x00000008   Code   RO          174    .ARM.Collect$$rtentry$$0000000D  c_w.l(__rtentry2.o)
    0x00000146   0x00000146   0x00000002   Code   RO          201    .ARM.Collect$$rtexit$$00000000  c_w.l(rtexit.o)
    0x00000148   0x00000148   0x00000000   Code   RO          259    .ARM.Collect$$rtexit$$00000002  c_w.l(rtexit2.o)
    0x00000148   0x00000148   0x00000004   Code   RO          260    .ARM.Collect$$rtexit$$00000003  c_w.l(rtexit2.o)
    0x0000014c   0x0000014c   0x00000006   Code   RO          261    .ARM.Collect$$rtexit$$00000004  c_w.l(rtexit2.o)
    0x00000152   0x00000152   0x00000002   PAD
    0x00000154   0x00000154   0x00000004   Code   RO          269    .emb_text           c_w.l(argv_veneer.o)
    0x00000158   0x00000158   0x0000003c   Code   RO          128    .text               startup_lpc17xx.o
    0x00000194   0x00000194   0x00000006   Code   RO          156    .text               c_w.l(heapauxi.o)
    0x0000019a   0x0000019a   0x0000004a   Code   RO          184    .text               c_w.l(sys_stackheap_outer.o)
    0x000001e4   0x000001e4   0x00000012   Code   RO          186    .text               c_w.l(exit.o)
    0x000001f6   0x000001f6   0x00000002   PAD
    0x000001f8   0x000001f8   0x00000008   Code   RO          198    .text               c_w.l(libspace.o)
    0x00000200   0x00000200   0x0000000a   Code   RO          205    .text               c_w.l(defsig_exit.o)
    0x0000020a   0x0000020a   0x00000002   PAD
    0x0000020c   0x0000020c   0x0000000c   Code   RO          254    .text               c_w.l(sys_exit.o)
    0x00000218   0x00000218   0x00000032   Code   RO          267    .text               c_w.l(defsig_general.o)
    0x0000024a   0x0000024a   0x0000000e   Code   RO          273    .text               c_w.l(sys_wrch.o)
    0x00000258   0x00000258   0x00000002   Code   RO          277    .text               c_w.l(use_no_semi.o)
    0x0000025a   0x0000025a   0x00000000   Code   RO          279    .text               c_w.l(indicate_semi.o)
    0x0000025a   0x0000025a   0x00000018   Code   RO          289    .text               c_w.l(sys_command.o)
    0x00000272   0x00000272   0x00000004   Code   RO          293    .text               c_w.l(hrguard.o)
    0x00000276   0x00000276   0x00000002   PAD
    0x00000278   0x00000278   0x00000050   Code   RO          299    .text               c_w.l(defsig_rtmem_inner.o)
    0x000002c8   0x000002c8   0x0000000e   Code   RO          301    .text               c_w.l(defsig_rtmem_outer.o)
    0x000002d6   0x000002d6   0x00000002   PAD
    0x000002d8   0x000002d8   0x00000018   Data   RO           85    .rodata.EventRecorderInfo  eventrecorder.o
    0x000002f0   0x000002f0   0x0000000c   PAD
    0x000002fc   0x000002fc   0x00000004   Code   RO          127    .ARM.__at_0x02FC    startup_lpc17xx.o
    0x00000300   0x00000300   0x0000012e   Code   RO          284    .text               c_w.l(_get_argv_nomalloc.o)
    0x0000042e   0x0000042e   0x00000002   PAD
    0x00000430   0x00000430   0x00000186   Code   RO          139    .text.SystemInit    system_lpc17xx.o
    0x000005b6   0x000005b6   0x00000002   PAD
    0x000005b8   0x000005b8   0x0000003a   Code   RO            2    .text.main          cond_ex.o
    0x000005f2   0x000005f2   0x00000002   PAD
    0x000005f4   0x000005f4   0x00000020   Data   RO          332    Region$$Table       anon$$obj.o


    Execution Region RW_IRAM1 (Exec base: 0x10000000, Load base: 0x00000614, Size: 0x000004a4, Max: 0x00008000, ABSOLUTE)

    Exec Addr    Load Addr    Size         Type   Attr      Idx    E Section Name        Object

    0x10000000        -       0x000004a4   Zero   RW           84    .bss.noinit         eventrecorder.o


    Execution Region RW_IRAM2 (Exec base: 0x2007c000, Load base: 0x00000614, Size: 0x00000260, Max: 0x00008000, ABSOLUTE)

    Exec Addr    Load Addr    Size         Type   Attr      Idx    E Section Name        Object

    0x2007c000        -       0x00000060   Zero   RW          199    .bss                c_w.l(libspace.o)
    0x2007c060        -       0x00000000   Zero   RW          125    HEAP                startup_lpc17xx.o
    0x2007c060        -       0x00000200   Zero   RW          124    STACK               startup_lpc17xx.o


==============================================================================

Image component sizes


      Code (inc. data)   RO Data    RW Data    ZI Data      Debug   Object Name

        58          0          0          0          0        446   cond_ex.o
         0          0         24          0       1188       7854   eventrecorder.o
        64         26        204          0        512        952   startup_lpc17xx.o
       390          0          0          0          0       2236   system_lpc17xx.o

    ----------------------------------------------------------------------
       516         26        272          0       1700      11488   Object Totals
         0          0         32          0          0          0   (incl. Generated)
         4          0         12          0          0          0   (incl. Padding)

    ----------------------------------------------------------------------

      Code (inc. data)   RO Data    RW Data    ZI Data      Debug   Library Member Name

         8          0          0          0          0         68   __main.o
         0          0          0          0          0          0   __rtentry.o
        12          0          0          0          0          0   __rtentry2.o
         6          0          0          0          0          0   __rtentry4.o
        52          8          0          0          0          0   __scatter.o
        28          0          0          0          0          0   __scatter_zi.o
       302          0          0          0          0        168   _get_argv_nomalloc.o
         4          0          0          0          0         68   argv_veneer.o
        10          0          0          0          0         68   defsig_exit.o
        50          0          0          0          0         88   defsig_general.o
        80         58          0          0          0         76   defsig_rtmem_inner.o
        14          0          0          0          0         80   defsig_rtmem_outer.o
        18          0          0          0          0         80   exit.o
         6          0          0          0          0        152   heapauxi.o
         4          0          0          0          0        136   hrguard.o
         0          0          0          0          0          0   indicate_semi.o
         2          0          0          0          0          0   libinit.o
        10          0          0          0          0          0   libinit2.o
         2          0          0          0          0          0   libshutdown.o
         2          0          0          0          0          0   libshutdown2.o
         8          4          0          0         96         68   libspace.o
         2          0          0          0          0          0   rtexit.o
        10          0          0          0          0          0   rtexit2.o
        24          0          0          0          0         76   sys_command.o
        12          4          0          0          0         68   sys_exit.o
        74          0          0          0          0         80   sys_stackheap_outer.o
        14          0          0          0          0         76   sys_wrch.o
         2          0          0          0          0         68   use_no_semi.o

    ----------------------------------------------------------------------
       768         74          0          0         96       1420   Library Totals
        12          0          0          0          0          0   (incl. Padding)

    ----------------------------------------------------------------------

      Code (inc. data)   RO Data    RW Data    ZI Data      Debug   Library Name

       756         74          0          0         96       1420   c_w.l

    ----------------------------------------------------------------------
       768         74          0          0         96       1420   Library Totals

    ----------------------------------------------------------------------

==============================================================================


      Code (inc. data)   RO Data    RW Data    ZI Data      Debug   

      1284        100        272          0       1796      12196   Grand Totals
      1284        100        272          0       1796      12196   ELF Image Totals
      1284        100        272          0          0          0   ROM Totals

==============================================================================

    Total RO  Size (Code + RO Data)                 1556 (   1.52kB)
    Total RW  Size (RW Data + ZI Data)              1796 (   1.75kB)
    Total ROM Size (Code + RO Data + RW Data)       1556 (   1.52kB)

==============================================================================

